I'm sorry, but errors were detected in your script. Please correct the
errors listed below, and try again.


File "game/script.rpy", line 55: expected menuitem
    pass
    ^

Ren'Py Version: Ren'Py 7.4.11.2266
Thu Apr 21 10:14:36 2022
